// Jest Snapshot v1, https://goo.gl/fbAQLP

exports[`<WeatherItemTable> should render 1`] = `
<DocumentFragment>
  <div
    style="overflow: visible; height: 0px; width: 0px;"
  >
    <div
      aria-colcount="3"
      aria-rowcount="1"
      class="ReactVirtualized__Table"
      role="grid"
    >
      <div
        class="ReactVirtualized__Table__headerRow headerRow"
        role="row"
        style="height: 40px; overflow: hidden; padding-right: 0px; width: 550px;"
      >
        <div
          class="ReactVirtualized__Table__headerColumn"
          role="columnheader"
          style="flex: 0 1 150px;"
        >
          <span
            class="ReactVirtualized__Table__headerTruncatedText"
            title="Main"
          >
            Main
          </span>
        </div>
        <div
          class="ReactVirtualized__Table__headerColumn"
          role="columnheader"
          style="flex: 1 1 200px;"
        >
          <span
            class="ReactVirtualized__Table__headerTruncatedText"
            title="Description"
          >
            Description
          </span>
        </div>
        <div
          class="ReactVirtualized__Table__headerColumn"
          role="columnheader"
          style="flex: 0 1 200px;"
        >
          <span
            class="ReactVirtualized__Table__headerTruncatedText"
            title="Icon"
          >
            Icon
          </span>
        </div>
      </div>
      <div
        aria-label="grid"
        class="ReactVirtualized__Grid ReactVirtualized__Table__Grid"
        role="rowgroup"
        style="box-sizing: border-box; direction: ltr; height: -40px; position: relative; width: 550px; will-change: transform; overflow-x: hidden; overflow-y: auto;"
        tabindex="0"
      />
    </div>
  </div>
  <div
    class="resize-triggers"
  >
    <div
      class="expand-trigger"
    >
      <div
        style="width: 1px; height: 1px;"
      />
    </div>
    <div
      class="contract-trigger"
    />
  </div>
</DocumentFragment>
`;
